2026-07-26 09:10:56 | INFO | BI | === RUN START ===
2026-07-26 09:10:56 | INFO | BI | project=BI
2026-07-26 09:10:56 | INFO | BI | repo_dir=bintel-05-reporting
2026-07-26 09:10:56 | INFO | BI | python=3.14.0
2026-07-26 09:10:56 | INFO | BI | os=Windows 11
2026-07-26 09:10:56 | INFO | BI | shell=powershell
2026-07-26 09:10:56 | INFO | BI | cwd=.
2026-07-26 09:10:56 | INFO | BI | github_actions=False
2026-07-26 09:10:56 | INFO | BI | ========================
2026-07-26 09:10:56 | INFO | BI | START main()
2026-07-26 09:10:56 | INFO | BI | ========================
2026-07-26 09:10:56 | INFO | BI | Data warehouse: = artifacts\smart_sales.duckdb
2026-07-26 09:10:56 | INFO | BI | Reporting data: = data\reporting\sales_reporting_case.csv
2026-07-26 09:10:56 | INFO | BI | === RUN START ===
2026-07-26 09:10:56 | INFO | BI | project=BI
2026-07-26 09:10:56 | INFO | BI | repo_dir=bintel-05-reporting
2026-07-26 09:10:56 | INFO | BI | python=3.14.0
2026-07-26 09:10:56 | INFO | BI | os=Windows 11
2026-07-26 09:10:56 | INFO | BI | shell=powershell
2026-07-26 09:10:56 | INFO | BI | cwd=.
2026-07-26 09:10:56 | INFO | BI | github_actions=False
2026-07-26 09:10:56 | INFO | BI | ========================
2026-07-26 09:10:56 | INFO | BI | START main()
2026-07-26 09:10:56 | INFO | BI | ========================
2026-07-26 09:10:56 | INFO | BI | Data warehouse: = artifacts\smart_sales.duckdb
2026-07-26 09:10:56 | INFO | BI | Reporting data: = data\reporting\sales_reporting_case.csv
2026-07-26 09:10:56 | INFO | BI | Connecting to DuckDB data warehouse........
2026-07-26 09:10:56 | INFO | BI | CALL a function to verify the warehouse........
2026-07-26 09:10:56 | INFO | BI | Verifying required warehouse tables
2026-07-26 09:10:56 | INFO | BI |   PASS: All required warehouse tables are available
2026-07-26 09:10:56 | INFO | BI | CALL a function to create the reporting view........
2026-07-26 09:10:56 | INFO | BI | Creating the sales_reporting view
2026-07-26 09:10:56 | INFO | BI |   sales_reporting view created
2026-07-26 09:10:56 | INFO | BI | CALL a function to export reporting data........
2026-07-26 09:10:56 | INFO | BI | Exporting the reporting-ready dataset
2026-07-26 09:10:57 | INFO | BI |   Exported 2392 reporting rows
2026-07-26 09:10:57 | INFO | BI | Reporting data: = data\reporting\sales_reporting_case.csv
2026-07-26 09:10:57 | INFO | BI | CALL a function to slice sales by region........
2026-07-26 09:10:57 | INFO | BI | OLAP slice: sales for Region = 'East'
2026-07-26 09:10:57 | INFO | BI |   Categories in the slice: 4
2026-07-26 09:10:57 | INFO | BI | CALL a function to plot the slice result........
2026-07-26 09:10:57 | INFO | BI | Creating chart: Sales by Category in East
2026-07-26 09:10:57 | INFO | BI | CALL a function to dice sales by dimensions........
2026-07-26 09:10:57 | INFO | BI | OLAP dice: Regions = ('East', 'West'); Categories = ('Clothing', 'Electronics')
2026-07-26 09:10:57 | INFO | BI |   Region-category combinations: 4
2026-07-26 09:10:57 | INFO | BI | CALL a function to plot the dice result........
2026-07-26 09:10:57 | INFO | BI | Creating chart: Sales for Selected Regions and Categories
2026-07-26 09:10:57 | INFO | BI | CALL a function to roll up sales by time........
2026-07-26 09:10:57 | INFO | BI | OLAP roll-up: Month -> Quarter -> Year -> All Years
2026-07-26 09:10:57 | INFO | BI |   Roll-up rows returned: 20
2026-07-26 09:10:57 | INFO | BI | CALL a function to plot quarterly roll-up results........
2026-07-26 09:10:57 | INFO | BI | Creating chart: Quarterly Sales Roll-Up
2026-07-26 09:10:57 | INFO | BI | CALL a function to select a drill-down year........
2026-07-26 09:10:57 | INFO | BI | Finding the latest sales year for drill-down
2026-07-26 09:10:57 | INFO | BI |   Selected drill-down year: 2025
2026-07-26 09:10:57 | INFO | BI | CALL a function to drill down by time........
2026-07-26 09:10:57 | INFO | BI | OLAP drill-down: Year 2025 -> Quarter -> Month
2026-07-26 09:10:57 | INFO | BI |   Drill-down rows returned: 8
2026-07-26 09:10:57 | INFO | BI | CALL a function to plot monthly drill-down results........
2026-07-26 09:10:57 | INFO | BI | Creating chart: Monthly Sales Drill-Down for 2025
2026-07-26 09:10:57 | INFO | BI | CALL a function to summarize OLAP findings........
2026-07-26 09:10:57 | INFO | BI | ========================
2026-07-26 09:10:57 | INFO | BI | SUMMARY
2026-07-26 09:10:57 | INFO | BI | ========================
2026-07-26 09:10:57 | INFO | BI | Slice: In East, the leading category is Office ($456,342.94)
2026-07-26 09:10:57 | INFO | BI | Dice: The strongest selected combination is East / Electronics ($218,291.81)
2026-07-26 09:10:57 | INFO | BI | Roll-up: Total sales across all years are $3,673,389.85
2026-07-26 09:10:57 | INFO | BI | Drill-down: The strongest month in 2025 is 2025-05 ($369,056.60)
2026-07-26 09:10:57 | INFO | BI | ========================
2026-07-26 09:10:57 | INFO | BI | ANALYST NOTES:
2026-07-26 09:10:57 | INFO | BI | Use slice to focus on one dimension value.
2026-07-26 09:10:57 | INFO | BI | Use dice to investigate a selected multidimensional subset.
2026-07-26 09:10:57 | INFO | BI | Use roll-up to move from detail to broader summaries.
2026-07-26 09:10:57 | INFO | BI | Use drill-down to investigate the detail behind a summary.
2026-07-26 09:10:57 | INFO | BI | ========================
2026-07-26 09:10:57 | INFO | BI | CALL a function to show charts........
2026-07-26 09:11:02 | INFO | BI | Closed DuckDB connection
2026-07-26 09:11:02 | INFO | BI | Workflow complete
2026-07-26 09:11:02 | INFO | BI | CLOSE chart windows to continue.
2026-07-26 09:11:02 | INFO | BI | Terminate this process with CTRL+c as needed.
2026-07-26 09:11:02 | INFO | BI | ========================
2026-07-26 09:11:02 | INFO | BI | Executed successfully!
2026-07-26 09:11:02 | INFO | BI | ========================
2026-07-26 09:11:02 | INFO | BI | App workflow complete
2026-07-26 09:11:02 | INFO | BI | CLOSE chart windows to continue.
2026-07-26 09:11:02 | INFO | BI | Terminate this process with CTRL+c as needed.
2026-07-26 09:11:02 | INFO | BI | ========================
2026-07-26 09:11:02 | INFO | BI | Executed successfully!
2026-07-26 09:11:02 | INFO | BI | ========================
2026-07-26 09:11:54 | INFO | BI | === RUN START ===
2026-07-26 09:11:54 | INFO | BI | project=BI
2026-07-26 09:11:54 | INFO | BI | repo_dir=bintel-05-reporting
2026-07-26 09:11:54 | INFO | BI | python=3.14.0
2026-07-26 09:11:54 | INFO | BI | os=Windows 11
2026-07-26 09:11:54 | INFO | BI | shell=powershell
2026-07-26 09:11:54 | INFO | BI | cwd=.
2026-07-26 09:11:54 | INFO | BI | github_actions=False
2026-07-26 09:11:54 | INFO | BI | ========================
2026-07-26 09:11:54 | INFO | BI | START main()
2026-07-26 09:11:54 | INFO | BI | ========================
2026-07-26 09:11:54 | INFO | BI | Data warehouse: = artifacts\smart_sales.duckdb
2026-07-26 09:11:54 | INFO | BI | Reporting data: = data\reporting\sales_reporting_case.csv
2026-07-26 09:11:54 | INFO | BI | Connecting to DuckDB data warehouse........
2026-07-26 09:11:54 | INFO | BI | CALL a function to verify the warehouse........
2026-07-26 09:11:54 | INFO | BI | Verifying required warehouse tables
2026-07-26 09:11:54 | INFO | BI |   PASS: All required warehouse tables are available
2026-07-26 09:11:54 | INFO | BI | CALL a function to create the reporting view........
2026-07-26 09:11:54 | INFO | BI | Creating the sales_reporting view
2026-07-26 09:11:54 | INFO | BI |   sales_reporting view created
2026-07-26 09:11:54 | INFO | BI | CALL a function to export reporting data........
2026-07-26 09:11:54 | INFO | BI | Exporting the reporting-ready dataset
2026-07-26 09:11:54 | INFO | BI |   Exported 2392 reporting rows
2026-07-26 09:11:54 | INFO | BI | Reporting data: = data\reporting\sales_reporting_case.csv
2026-07-26 09:11:54 | INFO | BI | CALL a function to slice sales by region........
2026-07-26 09:11:54 | INFO | BI | OLAP slice: sales for Region = 'East'
2026-07-26 09:11:54 | INFO | BI |   Categories in the slice: 4
2026-07-26 09:11:54 | INFO | BI | CALL a function to plot the slice result........
2026-07-26 09:11:54 | INFO | BI | Creating chart: Sales by Category in East
2026-07-26 09:11:54 | INFO | BI | CALL a function to dice sales by dimensions........
2026-07-26 09:11:54 | INFO | BI | OLAP dice: Regions = ('East', 'West'); Categories = ('Clothing', 'Electronics')
2026-07-26 09:11:54 | INFO | BI |   Region-category combinations: 4
2026-07-26 09:11:54 | INFO | BI | CALL a function to plot the dice result........
2026-07-26 09:11:54 | INFO | BI | Creating chart: Sales for Selected Regions and Categories
2026-07-26 09:11:54 | INFO | BI | CALL a function to roll up sales by time........
2026-07-26 09:11:54 | INFO | BI | OLAP roll-up: Month -> Quarter -> Year -> All Years
2026-07-26 09:11:54 | INFO | BI |   Roll-up rows returned: 20
2026-07-26 09:11:54 | INFO | BI | CALL a function to plot quarterly roll-up results........
2026-07-26 09:11:54 | INFO | BI | Creating chart: Quarterly Sales Roll-Up
2026-07-26 09:11:54 | INFO | BI | CALL a function to select a drill-down year........
2026-07-26 09:11:54 | INFO | BI | Finding the latest sales year for drill-down
2026-07-26 09:11:54 | INFO | BI |   Selected drill-down year: 2025
2026-07-26 09:11:54 | INFO | BI | CALL a function to drill down by time........
2026-07-26 09:11:54 | INFO | BI | OLAP drill-down: Year 2025 -> Quarter -> Month
2026-07-26 09:11:54 | INFO | BI |   Drill-down rows returned: 8
2026-07-26 09:11:54 | INFO | BI | CALL a function to plot monthly drill-down results........
2026-07-26 09:11:54 | INFO | BI | Creating chart: Monthly Sales Drill-Down for 2025
2026-07-26 09:11:54 | INFO | BI | CALL a function to summarize OLAP findings........
2026-07-26 09:11:54 | INFO | BI | ========================
2026-07-26 09:11:54 | INFO | BI | SUMMARY
2026-07-26 09:11:54 | INFO | BI | ========================
2026-07-26 09:11:54 | INFO | BI | Slice: In East, the leading category is Office ($456,342.94)
2026-07-26 09:11:54 | INFO | BI | Dice: The strongest selected combination is East / Electronics ($218,291.81)
2026-07-26 09:11:54 | INFO | BI | Roll-up: Total sales across all years are $3,673,389.85
2026-07-26 09:11:54 | INFO | BI | Drill-down: The strongest month in 2025 is 2025-05 ($369,056.60)
2026-07-26 09:11:54 | INFO | BI | ========================
2026-07-26 09:11:54 | INFO | BI | ANALYST NOTES:
2026-07-26 09:11:54 | INFO | BI | Use slice to focus on one dimension value.
2026-07-26 09:11:54 | INFO | BI | Use dice to investigate a selected multidimensional subset.
2026-07-26 09:11:54 | INFO | BI | Use roll-up to move from detail to broader summaries.
2026-07-26 09:11:54 | INFO | BI | Use drill-down to investigate the detail behind a summary.
2026-07-26 09:11:54 | INFO | BI | ========================
2026-07-26 09:11:54 | INFO | BI | CALL a function to show charts........
2026-07-26 09:11:58 | INFO | BI | Closed DuckDB connection
2026-07-26 09:11:58 | INFO | BI | Workflow complete
2026-07-26 09:11:58 | INFO | BI | CLOSE chart windows to continue.
2026-07-26 09:11:58 | INFO | BI | Terminate this process with CTRL+c as needed.
2026-07-26 09:11:58 | INFO | BI | ========================
2026-07-26 09:11:58 | INFO | BI | Executed successfully!
2026-07-26 09:11:58 | INFO | BI | ========================
2026-07-29 18:33:34 | INFO | BI | === RUN START ===
2026-07-29 18:33:34 | INFO | BI | project=BI
2026-07-29 18:33:34 | INFO | BI | repo_dir=bintel-05-reporting
2026-07-29 18:33:34 | INFO | BI | python=3.14.6
2026-07-29 18:33:34 | INFO | BI | os=Windows 10
2026-07-29 18:33:34 | INFO | BI | shell=powershell
2026-07-29 18:33:34 | INFO | BI | cwd=.
2026-07-29 18:33:34 | INFO | BI | github_actions=False
2026-07-29 18:33:34 | INFO | BI | ========================
2026-07-29 18:33:34 | INFO | BI | START main()
2026-07-29 18:33:34 | INFO | BI | ========================
2026-07-29 18:33:34 | INFO | BI | Data warehouse: = artifacts\smart_sales.duckdb
2026-07-29 18:33:34 | INFO | BI | Reporting data: = data\reporting\sales_reporting_case.csv
2026-07-29 18:33:34 | INFO | BI | Connecting to DuckDB data warehouse........
2026-07-29 18:33:34 | INFO | BI | CALL a function to verify the warehouse........
2026-07-29 18:33:34 | INFO | BI | Verifying required warehouse tables
2026-07-29 18:33:34 | INFO | BI |   PASS: All required warehouse tables are available
2026-07-29 18:33:34 | INFO | BI | CALL a function to create the reporting view........
2026-07-29 18:33:34 | INFO | BI | Creating the sales_reporting view
2026-07-29 18:33:34 | INFO | BI |   sales_reporting view created
2026-07-29 18:33:34 | INFO | BI | CALL a function to export reporting data........
2026-07-29 18:33:34 | INFO | BI | Exporting the reporting-ready dataset
2026-07-29 18:33:34 | INFO | BI |   Exported 2392 reporting rows
2026-07-29 18:33:34 | INFO | BI | Reporting data: = data\reporting\sales_reporting_case.csv
2026-07-29 18:33:34 | INFO | BI | CALL a function to slice sales by region........
2026-07-29 18:33:34 | INFO | BI | OLAP slice: sales for Region = 'East'
2026-07-29 18:33:34 | INFO | BI |   Categories in the slice: 4
2026-07-29 18:33:34 | INFO | BI | CALL a function to plot the slice result........
2026-07-29 18:33:34 | INFO | BI | Creating chart: Sales by Category in East
2026-07-29 18:33:36 | INFO | BI | CALL a function to dice sales by dimensions........
2026-07-29 18:33:36 | INFO | BI | OLAP dice: Regions = ('East', 'West'); Categories = ('Clothing', 'Electronics')
2026-07-29 18:33:36 | INFO | BI |   Region-category combinations: 4
2026-07-29 18:33:36 | INFO | BI | CALL a function to plot the dice result........
2026-07-29 18:33:36 | INFO | BI | Creating chart: Sales for Selected Regions and Categories
2026-07-29 18:33:37 | INFO | BI | CALL a function to roll up sales by time........
2026-07-29 18:33:37 | INFO | BI | OLAP roll-up: Month -> Quarter -> Year -> All Years
2026-07-29 18:33:37 | INFO | BI |   Roll-up rows returned: 20
2026-07-29 18:33:37 | INFO | BI | CALL a function to plot quarterly roll-up results........
2026-07-29 18:33:37 | INFO | BI | Creating chart: Quarterly Sales Roll-Up
2026-07-29 18:33:37 | INFO | BI | CALL a function to select a drill-down year........
2026-07-29 18:33:37 | INFO | BI | Finding the latest sales year for drill-down
2026-07-29 18:33:37 | INFO | BI |   Selected drill-down year: 2025
2026-07-29 18:33:37 | INFO | BI | CALL a function to drill down by time........
2026-07-29 18:33:37 | INFO | BI | OLAP drill-down: Year 2025 -> Quarter -> Month
2026-07-29 18:33:37 | INFO | BI |   Drill-down rows returned: 8
2026-07-29 18:33:37 | INFO | BI | CALL a function to plot monthly drill-down results........
2026-07-29 18:33:37 | INFO | BI | Creating chart: Monthly Sales Drill-Down for 2025
2026-07-29 18:33:37 | INFO | BI | CALL a function to summarize OLAP findings........
2026-07-29 18:33:37 | INFO | BI | ========================
2026-07-29 18:33:37 | INFO | BI | SUMMARY
2026-07-29 18:33:37 | INFO | BI | ========================
2026-07-29 18:33:37 | INFO | BI | Slice: In East, the leading category is Office ($456,342.94)
2026-07-29 18:33:37 | INFO | BI | Dice: The strongest selected combination is East / Electronics ($218,291.81)
2026-07-29 18:33:37 | INFO | BI | Roll-up: Total sales across all years are $3,673,389.85
2026-07-29 18:33:37 | INFO | BI | Drill-down: The strongest month in 2025 is 2025-05 ($369,056.60)
2026-07-29 18:33:37 | INFO | BI | ========================
2026-07-29 18:33:37 | INFO | BI | ANALYST NOTES:
2026-07-29 18:33:37 | INFO | BI | Use slice to focus on one dimension value.
2026-07-29 18:33:37 | INFO | BI | Use dice to investigate a selected multidimensional subset.
2026-07-29 18:33:37 | INFO | BI | Use roll-up to move from detail to broader summaries.
2026-07-29 18:33:37 | INFO | BI | Use drill-down to investigate the detail behind a summary.
2026-07-29 18:33:37 | INFO | BI | ========================
2026-07-29 18:33:37 | INFO | BI | CALL a function to show charts........
2026-07-29 18:34:29 | INFO | BI | === RUN START ===
2026-07-29 18:34:29 | INFO | BI | project=BI
2026-07-29 18:34:29 | INFO | BI | repo_dir=bintel-05-reporting
2026-07-29 18:34:29 | INFO | BI | python=3.14.6
2026-07-29 18:34:29 | INFO | BI | os=Windows 10
2026-07-29 18:34:29 | INFO | BI | shell=powershell
2026-07-29 18:34:29 | INFO | BI | cwd=.
2026-07-29 18:34:29 | INFO | BI | github_actions=False
2026-07-29 18:34:29 | INFO | BI | ========================
2026-07-29 18:34:29 | INFO | BI | START main()
2026-07-29 18:34:29 | INFO | BI | ========================
2026-07-29 18:34:29 | INFO | BI | Data warehouse: = artifacts\smart_sales.duckdb
2026-07-29 18:34:29 | INFO | BI | Reporting data: = data\reporting\sales_reporting_case.csv
2026-07-29 18:34:29 | INFO | BI | Connecting to DuckDB data warehouse........
2026-07-29 18:34:51 | INFO | BI | Closed DuckDB connection
2026-07-29 18:34:51 | INFO | BI | Workflow complete
2026-07-29 18:34:51 | INFO | BI | CLOSE chart windows to continue.
2026-07-29 18:34:51 | INFO | BI | Terminate this process with CTRL+c as needed.
2026-07-29 18:34:51 | INFO | BI | ========================
2026-07-29 18:34:51 | INFO | BI | Executed successfully!
2026-07-29 18:34:51 | INFO | BI | ========================
2026-07-29 18:34:56 | INFO | BI | === RUN START ===
2026-07-29 18:34:56 | INFO | BI | project=BI
2026-07-29 18:34:56 | INFO | BI | repo_dir=bintel-05-reporting
2026-07-29 18:34:56 | INFO | BI | python=3.14.6
2026-07-29 18:34:56 | INFO | BI | os=Windows 10
2026-07-29 18:34:56 | INFO | BI | shell=powershell
2026-07-29 18:34:56 | INFO | BI | cwd=.
2026-07-29 18:34:56 | INFO | BI | github_actions=False
2026-07-29 18:34:56 | INFO | BI | ========================
2026-07-29 18:34:56 | INFO | BI | START main()
2026-07-29 18:34:56 | INFO | BI | ========================
2026-07-29 18:34:56 | INFO | BI | Data warehouse: = artifacts\smart_sales.duckdb
2026-07-29 18:34:56 | INFO | BI | Reporting data: = data\reporting\sales_reporting_case.csv
2026-07-29 18:34:56 | INFO | BI | Connecting to DuckDB data warehouse........
2026-07-29 18:34:56 | INFO | BI | CALL a function to verify the warehouse........
2026-07-29 18:34:56 | INFO | BI | Verifying required warehouse tables
2026-07-29 18:34:56 | INFO | BI |   PASS: All required warehouse tables are available
2026-07-29 18:34:56 | INFO | BI | CALL a function to create the reporting view........
2026-07-29 18:34:56 | INFO | BI | Creating the sales_reporting view
2026-07-29 18:34:56 | INFO | BI |   sales_reporting view created
2026-07-29 18:34:56 | INFO | BI | CALL a function to export reporting data........
2026-07-29 18:34:56 | INFO | BI | Exporting the reporting-ready dataset
2026-07-29 18:34:56 | INFO | BI |   Exported 2392 reporting rows
2026-07-29 18:34:56 | INFO | BI | Reporting data: = data\reporting\sales_reporting_case.csv
2026-07-29 18:34:56 | INFO | BI | CALL a function to slice sales by region........
2026-07-29 18:34:56 | INFO | BI | OLAP slice: sales for Region = 'East'
2026-07-29 18:34:56 | INFO | BI |   Categories in the slice: 4
2026-07-29 18:34:56 | INFO | BI | CALL a function to plot the slice result........
2026-07-29 18:34:56 | INFO | BI | Creating chart: Sales by Category in East
2026-07-29 18:34:57 | INFO | BI | CALL a function to dice sales by dimensions........
2026-07-29 18:34:57 | INFO | BI | OLAP dice: Regions = ('East', 'West'); Categories = ('Clothing', 'Electronics')
2026-07-29 18:34:57 | INFO | BI |   Region-category combinations: 4
2026-07-29 18:34:57 | INFO | BI | CALL a function to plot the dice result........
2026-07-29 18:34:57 | INFO | BI | Creating chart: Sales for Selected Regions and Categories
2026-07-29 18:34:57 | INFO | BI | CALL a function to roll up sales by time........
2026-07-29 18:34:57 | INFO | BI | OLAP roll-up: Month -> Quarter -> Year -> All Years
2026-07-29 18:34:57 | INFO | BI |   Roll-up rows returned: 20
2026-07-29 18:34:57 | INFO | BI | CALL a function to plot quarterly roll-up results........
2026-07-29 18:34:57 | INFO | BI | Creating chart: Quarterly Sales Roll-Up
2026-07-29 18:34:57 | INFO | BI | CALL a function to select a drill-down year........
2026-07-29 18:34:57 | INFO | BI | Finding the latest sales year for drill-down
2026-07-29 18:34:57 | INFO | BI |   Selected drill-down year: 2025
2026-07-29 18:34:57 | INFO | BI | CALL a function to drill down by time........
2026-07-29 18:34:57 | INFO | BI | OLAP drill-down: Year 2025 -> Quarter -> Month
2026-07-29 18:34:57 | INFO | BI |   Drill-down rows returned: 8
2026-07-29 18:34:57 | INFO | BI | CALL a function to plot monthly drill-down results........
2026-07-29 18:34:57 | INFO | BI | Creating chart: Monthly Sales Drill-Down for 2025
2026-07-29 18:34:57 | INFO | BI | CALL a function to summarize OLAP findings........
2026-07-29 18:34:57 | INFO | BI | ========================
2026-07-29 18:34:57 | INFO | BI | SUMMARY
2026-07-29 18:34:57 | INFO | BI | ========================
2026-07-29 18:34:57 | INFO | BI | Slice: In East, the leading category is Office ($456,342.94)
2026-07-29 18:34:57 | INFO | BI | Dice: The strongest selected combination is East / Electronics ($218,291.81)
2026-07-29 18:34:57 | INFO | BI | Roll-up: Total sales across all years are $3,673,389.85
2026-07-29 18:34:57 | INFO | BI | Drill-down: The strongest month in 2025 is 2025-05 ($369,056.60)
2026-07-29 18:34:57 | INFO | BI | ========================
2026-07-29 18:34:57 | INFO | BI | ANALYST NOTES:
2026-07-29 18:34:57 | INFO | BI | Use slice to focus on one dimension value.
2026-07-29 18:34:57 | INFO | BI | Use dice to investigate a selected multidimensional subset.
2026-07-29 18:34:57 | INFO | BI | Use roll-up to move from detail to broader summaries.
2026-07-29 18:34:57 | INFO | BI | Use drill-down to investigate the detail behind a summary.
2026-07-29 18:34:57 | INFO | BI | ========================
2026-07-29 18:34:57 | INFO | BI | CALL a function to show charts........
2026-07-29 18:35:06 | INFO | BI | Closed DuckDB connection
2026-07-29 18:35:06 | INFO | BI | Workflow complete
2026-07-29 18:35:06 | INFO | BI | CLOSE chart windows to continue.
2026-07-29 18:35:06 | INFO | BI | Terminate this process with CTRL+c as needed.
2026-07-29 18:35:06 | INFO | BI | ========================
2026-07-29 18:35:06 | INFO | BI | Executed successfully!
2026-07-29 18:35:06 | INFO | BI | ========================
2026-07-29 18:55:14 | INFO | BI | === RUN START ===
2026-07-29 18:55:14 | INFO | BI | project=BI
2026-07-29 18:55:14 | INFO | BI | repo_dir=bintel-05-reporting
2026-07-29 18:55:14 | INFO | BI | python=3.14.6
2026-07-29 18:55:14 | INFO | BI | os=Windows 10
2026-07-29 18:55:14 | INFO | BI | shell=powershell
2026-07-29 18:55:14 | INFO | BI | cwd=.
2026-07-29 18:55:14 | INFO | BI | github_actions=False
2026-07-29 18:55:14 | INFO | BI | ========================
2026-07-29 18:55:14 | INFO | BI | START main()
2026-07-29 18:55:14 | INFO | BI | ========================
2026-07-29 18:55:14 | INFO | BI | Data warehouse: = artifacts\smart_sales.duckdb
2026-07-29 18:55:14 | INFO | BI | Reporting data: = data\reporting\sales_reporting_case.csv
2026-07-29 18:55:14 | INFO | BI | Connecting to DuckDB data warehouse........
2026-07-29 18:55:14 | INFO | BI | CALL a function to verify the warehouse........
2026-07-29 18:55:14 | INFO | BI | Verifying required warehouse tables
2026-07-29 18:55:14 | INFO | BI |   PASS: All required warehouse tables are available
2026-07-29 18:55:14 | INFO | BI | CALL a function to create the reporting view........
2026-07-29 18:55:14 | INFO | BI | Creating the sales_reporting view
2026-07-29 18:55:14 | INFO | BI |   sales_reporting view created
2026-07-29 18:55:14 | INFO | BI | CALL a function to export reporting data........
2026-07-29 18:55:14 | INFO | BI | Exporting the reporting-ready dataset
2026-07-29 18:55:14 | INFO | BI |   Exported 2392 reporting rows
2026-07-29 18:55:14 | INFO | BI | Reporting data: = data\reporting\sales_reporting_case.csv
2026-07-29 18:55:14 | INFO | BI | CALL a function to slice sales by region........
2026-07-29 18:55:14 | INFO | BI | OLAP slice: sales for Region = 'East'
2026-07-29 18:55:14 | INFO | BI |   Categories in the slice: 4
2026-07-29 18:55:14 | INFO | BI | CALL a function to plot the slice result........
2026-07-29 18:55:14 | INFO | BI | Creating chart: Sales by Category in East
2026-07-29 18:55:14 | INFO | BI | CALL a function to dice sales by dimensions........
2026-07-29 18:55:14 | INFO | BI | OLAP dice: Regions = ('East', 'West'); Categories = ('Clothing', 'Electronics')
2026-07-29 18:55:14 | INFO | BI |   Region-category combinations: 4
2026-07-29 18:55:14 | INFO | BI | CALL a function to plot the dice result........
2026-07-29 18:55:14 | INFO | BI | Creating chart: Sales for Selected Regions and Categories
2026-07-29 18:55:14 | INFO | BI | CALL a function to roll up sales by time........
2026-07-29 18:55:14 | INFO | BI | OLAP roll-up: Month -> Quarter -> Year -> All Years
2026-07-29 18:55:14 | INFO | BI |   Roll-up rows returned: 20
2026-07-29 18:55:14 | INFO | BI | CALL a function to plot quarterly roll-up results........
2026-07-29 18:55:14 | INFO | BI | Creating chart: Quarterly Sales Roll-Up
2026-07-29 18:55:14 | INFO | BI | CALL a function to select a drill-down year........
2026-07-29 18:55:14 | INFO | BI | Finding the latest sales year for drill-down
2026-07-29 18:55:15 | INFO | BI |   Selected drill-down year: 2025
2026-07-29 18:55:15 | INFO | BI | CALL a function to drill down by time........
2026-07-29 18:55:15 | INFO | BI | OLAP drill-down: Year 2025 -> Quarter -> Month
2026-07-29 18:55:15 | INFO | BI |   Drill-down rows returned: 8
2026-07-29 18:55:15 | INFO | BI | CALL a function to plot monthly drill-down results........
2026-07-29 18:55:15 | INFO | BI | Creating chart: Monthly Sales Drill-Down for 2025
2026-07-29 18:55:15 | INFO | BI | CALL a function to summarize OLAP findings........
2026-07-29 18:55:15 | INFO | BI | ========================
2026-07-29 18:55:15 | INFO | BI | SUMMARY
2026-07-29 18:55:15 | INFO | BI | ========================
2026-07-29 18:55:15 | INFO | BI | Slice: In East, the leading category is Office ($456,342.94)
2026-07-29 18:55:15 | INFO | BI | Dice: The strongest selected combination is East / Electronics ($218,291.81)
2026-07-29 18:55:15 | INFO | BI | Roll-up: Total sales across all years are $3,673,389.85
2026-07-29 18:55:15 | INFO | BI | Drill-down: The strongest month in 2025 is 2025-05 ($369,056.60)
2026-07-29 18:55:15 | INFO | BI | ========================
2026-07-29 18:55:15 | INFO | BI | ANALYST NOTES:
2026-07-29 18:55:15 | INFO | BI | Use slice to focus on one dimension value.
2026-07-29 18:55:15 | INFO | BI | Use dice to investigate a selected multidimensional subset.
2026-07-29 18:55:15 | INFO | BI | Use roll-up to move from detail to broader summaries.
2026-07-29 18:55:15 | INFO | BI | Use drill-down to investigate the detail behind a summary.
2026-07-29 18:55:15 | INFO | BI | ========================
2026-07-29 18:55:15 | INFO | BI | CALL a function to show charts........
2026-07-29 20:55:35 | INFO | BI | Closed DuckDB connection
2026-07-29 20:55:35 | INFO | BI | Workflow complete
2026-07-29 20:55:35 | INFO | BI | CLOSE chart windows to continue.
2026-07-29 20:55:35 | INFO | BI | Terminate this process with CTRL+c as needed.
2026-07-29 20:55:35 | INFO | BI | ========================
2026-07-29 20:55:35 | INFO | BI | Executed successfully!
2026-07-29 20:55:35 | INFO | BI | ========================
2026-07-29 21:23:49 | INFO | BI | === RUN START ===
2026-07-29 21:23:49 | INFO | BI | project=BI
2026-07-29 21:23:49 | INFO | BI | repo_dir=bintel-05-reporting
2026-07-29 21:23:49 | INFO | BI | python=3.14.6
2026-07-29 21:23:49 | INFO | BI | os=Windows 10
2026-07-29 21:23:49 | INFO | BI | shell=powershell
2026-07-29 21:23:49 | INFO | BI | cwd=.
2026-07-29 21:23:49 | INFO | BI | github_actions=False
2026-07-29 21:23:49 | INFO | BI | ========================
2026-07-29 21:23:49 | INFO | BI | START main()
2026-07-29 21:23:49 | INFO | BI | ========================
2026-07-29 21:23:49 | INFO | BI | Data warehouse: = artifacts\smart_sales.duckdb
2026-07-29 21:23:49 | INFO | BI | Reporting data: = data\reporting\sales_reporting_case.csv
2026-07-29 21:23:49 | INFO | BI | Connecting to DuckDB data warehouse........
2026-07-29 21:23:49 | INFO | BI | CALL a function to verify the warehouse........
2026-07-29 21:23:49 | INFO | BI | Verifying required warehouse tables
2026-07-29 21:23:49 | INFO | BI |   PASS: All required warehouse tables are available
2026-07-29 21:23:49 | INFO | BI | CALL a function to create the reporting view........
2026-07-29 21:23:49 | INFO | BI | Creating the sales_reporting view
2026-07-29 21:23:49 | INFO | BI |   sales_reporting view created
2026-07-29 21:23:49 | INFO | BI | CALL a function to export reporting data........
2026-07-29 21:23:49 | INFO | BI | Exporting the reporting-ready dataset
2026-07-29 21:23:49 | INFO | BI |   Exported 2392 reporting rows
2026-07-29 21:23:49 | INFO | BI | Reporting data: = data\reporting\sales_reporting_case.csv
2026-07-29 21:23:49 | INFO | BI | CALL a function to slice sales by region........
2026-07-29 21:23:49 | INFO | BI | OLAP slice: sales for Region = 'East'
2026-07-29 21:23:49 | INFO | BI |   Categories in the slice: 4
2026-07-29 21:23:49 | INFO | BI | CALL a function to plot the slice result........
2026-07-29 21:23:49 | INFO | BI | Creating chart: Sales by Category in East
2026-07-29 21:23:49 | INFO | BI | CALL a function to dice sales by dimensions........
2026-07-29 21:23:49 | INFO | BI | OLAP dice: Regions = ('East', 'West'); Categories = ('Clothing', 'Electronics')
2026-07-29 21:23:49 | INFO | BI |   Region-category combinations: 4
2026-07-29 21:23:49 | INFO | BI | CALL a function to plot the dice result........
2026-07-29 21:23:49 | INFO | BI | Creating chart: Sales for Selected Regions and Categories
2026-07-29 21:23:49 | INFO | BI | CALL a function to roll up sales by time........
2026-07-29 21:23:49 | INFO | BI | OLAP roll-up: Month -> Quarter -> Year -> All Years
2026-07-29 21:23:50 | INFO | BI |   Roll-up rows returned: 20
2026-07-29 21:23:50 | INFO | BI | CALL a function to plot quarterly roll-up results........
2026-07-29 21:23:50 | INFO | BI | Creating chart: Quarterly Sales Roll-Up
2026-07-29 21:23:50 | INFO | BI | CALL a function to select a drill-down year........
2026-07-29 21:23:50 | INFO | BI | Finding the latest sales year for drill-down
2026-07-29 21:23:50 | INFO | BI |   Selected drill-down year: 2025
2026-07-29 21:23:50 | INFO | BI | CALL a function to drill down by time........
2026-07-29 21:23:50 | INFO | BI | OLAP drill-down: Year 2025 -> Quarter -> Month
2026-07-29 21:23:50 | INFO | BI |   Drill-down rows returned: 8
2026-07-29 21:23:50 | INFO | BI | CALL a function to plot monthly drill-down results........
2026-07-29 21:23:50 | INFO | BI | Creating chart: Monthly Sales Drill-Down for 2025
2026-07-29 21:23:50 | INFO | BI | CALL a function to summarize OLAP findings........
2026-07-29 21:23:50 | INFO | BI | ========================
2026-07-29 21:23:50 | INFO | BI | SUMMARY
2026-07-29 21:23:50 | INFO | BI | ========================
2026-07-29 21:23:50 | INFO | BI | Slice: In East, the leading category is Office ($456,342.94)
2026-07-29 21:23:50 | INFO | BI | Dice: The strongest selected combination is East / Electronics ($218,291.81)
2026-07-29 21:23:50 | INFO | BI | Roll-up: Total sales across all years are $3,673,389.85
2026-07-29 21:23:50 | INFO | BI | Drill-down: The strongest month in 2025 is 2025-05 ($369,056.60)
2026-07-29 21:23:50 | INFO | BI | ========================
2026-07-29 21:23:50 | INFO | BI | ANALYST NOTES:
2026-07-29 21:23:50 | INFO | BI | Use slice to focus on one dimension value.
2026-07-29 21:23:50 | INFO | BI | Use dice to investigate a selected multidimensional subset.
2026-07-29 21:23:50 | INFO | BI | Use roll-up to move from detail to broader summaries.
2026-07-29 21:23:50 | INFO | BI | Use drill-down to investigate the detail behind a summary.
2026-07-29 21:23:50 | INFO | BI | ========================
2026-07-29 21:23:50 | INFO | BI | CALL a function to show charts........
2026-07-29 21:23:54 | INFO | BI | Closed DuckDB connection
2026-07-29 21:23:54 | INFO | BI | Workflow complete
2026-07-29 21:23:54 | INFO | BI | CLOSE chart windows to continue.
2026-07-29 21:23:54 | INFO | BI | Terminate this process with CTRL+c as needed.
2026-07-29 21:23:54 | INFO | BI | ========================
2026-07-29 21:23:54 | INFO | BI | Executed successfully!
2026-07-29 21:23:54 | INFO | BI | ========================
2026-08-01 09:24:38 | INFO | BI | === RUN START ===
2026-08-01 09:24:38 | INFO | BI | project=BI
2026-08-01 09:24:38 | INFO | BI | repo_dir=bintel-05-reporting
2026-08-01 09:24:38 | INFO | BI | python=3.14.6
2026-08-01 09:24:38 | INFO | BI | os=Windows 10
2026-08-01 09:24:38 | INFO | BI | shell=powershell
2026-08-01 09:24:38 | INFO | BI | cwd=.
2026-08-01 09:24:38 | INFO | BI | github_actions=False
2026-08-01 09:24:38 | INFO | BI | ========================
2026-08-01 09:24:38 | INFO | BI | START main()
2026-08-01 09:24:38 | INFO | BI | ========================
2026-08-01 09:24:38 | INFO | BI | Data warehouse: = artifacts\smart_sales.duckdb
2026-08-01 09:24:38 | INFO | BI | Reporting data: = data\reporting\sales_reporting_case.csv
2026-08-01 09:24:38 | INFO | BI | Connecting to DuckDB data warehouse........
2026-08-01 09:24:38 | INFO | BI | CALL a function to verify the warehouse........
2026-08-01 09:24:38 | INFO | BI | Verifying required warehouse tables
2026-08-01 09:24:38 | INFO | BI |   PASS: All required warehouse tables are available
2026-08-01 09:24:38 | INFO | BI | CALL a function to create the reporting view........
2026-08-01 09:24:38 | INFO | BI | Creating the sales_reporting view
2026-08-01 09:24:38 | INFO | BI |   sales_reporting view created
2026-08-01 09:24:38 | INFO | BI | CALL a function to export reporting data........
2026-08-01 09:24:38 | INFO | BI | Exporting the reporting-ready dataset
2026-08-01 09:24:38 | INFO | BI |   Exported 2392 reporting rows
2026-08-01 09:24:38 | INFO | BI | Reporting data: = data\reporting\sales_reporting_case.csv
2026-08-01 09:24:38 | INFO | BI | CALL a function to slice sales by region........
2026-08-01 09:24:38 | INFO | BI | OLAP slice: sales for Region = 'East'
2026-08-01 09:24:38 | INFO | BI |   Categories in the slice: 4
2026-08-01 09:24:38 | INFO | BI | CALL a function to plot the slice result........
2026-08-01 09:24:38 | INFO | BI | Creating chart: Sales by Category in East
2026-08-01 09:24:39 | INFO | BI | CALL a function to dice sales by dimensions........
2026-08-01 09:24:39 | INFO | BI | OLAP dice: Regions = ('East', 'West'); Categories = ('Clothing', 'Electronics')
2026-08-01 09:24:39 | INFO | BI |   Region-category combinations: 4
2026-08-01 09:24:39 | INFO | BI | CALL a function to plot the dice result........
2026-08-01 09:24:39 | INFO | BI | Creating chart: Sales for Selected Regions and Categories
2026-08-01 09:24:39 | INFO | BI | CALL a function to roll up sales by time........
2026-08-01 09:24:39 | INFO | BI | OLAP roll-up: Month -> Quarter -> Year -> All Years
2026-08-01 09:24:39 | INFO | BI |   Roll-up rows returned: 20
2026-08-01 09:24:39 | INFO | BI | CALL a function to plot quarterly roll-up results........
2026-08-01 09:24:39 | INFO | BI | Creating chart: Quarterly Sales Roll-Up
2026-08-01 09:24:39 | INFO | BI | CALL a function to select a drill-down year........
2026-08-01 09:24:39 | INFO | BI | Finding the latest sales year for drill-down
2026-08-01 09:24:39 | INFO | BI |   Selected drill-down year: 2025
2026-08-01 09:24:39 | INFO | BI | CALL a function to drill down by time........
2026-08-01 09:24:39 | INFO | BI | OLAP drill-down: Year 2025 -> Quarter -> Month
2026-08-01 09:24:39 | INFO | BI |   Drill-down rows returned: 8
2026-08-01 09:24:39 | INFO | BI | CALL a function to plot monthly drill-down results........
2026-08-01 09:24:39 | INFO | BI | Creating chart: Monthly Sales Drill-Down for 2025
2026-08-01 09:24:39 | INFO | BI | CALL a function to summarize OLAP findings........
2026-08-01 09:24:39 | INFO | BI | ========================
2026-08-01 09:24:39 | INFO | BI | SUMMARY
2026-08-01 09:24:39 | INFO | BI | ========================
2026-08-01 09:24:39 | INFO | BI | Slice: In East, the leading category is Office ($456,342.94)
2026-08-01 09:24:39 | INFO | BI | Dice: The strongest selected combination is East / Electronics ($218,291.81)
2026-08-01 09:24:39 | INFO | BI | Roll-up: Total sales across all years are $3,673,389.85
2026-08-01 09:24:39 | INFO | BI | Drill-down: The strongest month in 2025 is 2025-05 ($369,056.60)
2026-08-01 09:24:39 | INFO | BI | ========================
2026-08-01 09:24:39 | INFO | BI | ANALYST NOTES:
2026-08-01 09:24:39 | INFO | BI | Use slice to focus on one dimension value.
2026-08-01 09:24:39 | INFO | BI | Use dice to investigate a selected multidimensional subset.
2026-08-01 09:24:39 | INFO | BI | Use roll-up to move from detail to broader summaries.
2026-08-01 09:24:39 | INFO | BI | Use drill-down to investigate the detail behind a summary.
2026-08-01 09:24:39 | INFO | BI | ========================
2026-08-01 09:24:39 | INFO | BI | Creating chart: Sales by Store
2026-08-01 09:24:40 | INFO | BI | Creating chart: Monthly Sales Growth
2026-08-01 09:24:40 | INFO | BI | ========================
2026-08-01 09:24:40 | INFO | BI | ADDITIONAL ANALYSIS
2026-08-01 09:24:40 | INFO | BI | ========================
2026-08-01 09:24:40 | INFO | BI | Best Store: 404.0 ($1,039,243.81)
2026-08-01 09:24:40 | INFO | BI | Highest Monthly Growth: 2025-03 (40.01%)
2026-08-01 09:24:40 | INFO | BI | CALL a function to show charts........
2026-08-01 09:24:50 | INFO | BI | Closed DuckDB connection
2026-08-01 09:24:50 | INFO | BI | Workflow complete
2026-08-01 09:24:50 | INFO | BI | CLOSE chart windows to continue.
2026-08-01 09:24:50 | INFO | BI | Terminate this process with CTRL+c as needed.
2026-08-01 09:24:50 | INFO | BI | ========================
2026-08-01 09:24:50 | INFO | BI | Executed successfully!
2026-08-01 09:24:50 | INFO | BI | ========================
2026-08-01 10:47:48 | INFO | BI | === RUN START ===
2026-08-01 10:47:48 | INFO | BI | project=BI
2026-08-01 10:47:48 | INFO | BI | repo_dir=bintel-05-reporting
2026-08-01 10:47:48 | INFO | BI | python=3.14.6
2026-08-01 10:47:48 | INFO | BI | os=Windows 10
2026-08-01 10:47:48 | INFO | BI | shell=powershell
2026-08-01 10:47:48 | INFO | BI | cwd=.
2026-08-01 10:47:48 | INFO | BI | github_actions=False
2026-08-01 10:47:48 | INFO | BI | ========================
2026-08-01 10:47:48 | INFO | BI | START main()
2026-08-01 10:47:48 | INFO | BI | ========================
2026-08-01 10:47:48 | INFO | BI | Data warehouse: = artifacts\smart_sales.duckdb
2026-08-01 10:47:48 | INFO | BI | Reporting data: = data\reporting\sales_reporting_case.csv
2026-08-01 10:47:48 | INFO | BI | Connecting to DuckDB data warehouse........
2026-08-01 10:47:48 | INFO | BI | CALL a function to verify the warehouse........
2026-08-01 10:47:48 | INFO | BI | Verifying required warehouse tables
2026-08-01 10:47:48 | INFO | BI |   PASS: All required warehouse tables are available
2026-08-01 10:47:48 | INFO | BI | CALL a function to create the reporting view........
2026-08-01 10:47:48 | INFO | BI | Creating the sales_reporting view
2026-08-01 10:47:48 | INFO | BI |   sales_reporting view created
2026-08-01 10:47:48 | INFO | BI | CALL a function to export reporting data........
2026-08-01 10:47:48 | INFO | BI | Exporting the reporting-ready dataset
2026-08-01 10:47:48 | INFO | BI |   Exported 2392 reporting rows
2026-08-01 10:47:48 | INFO | BI | Reporting data: = data\reporting\sales_reporting_case.csv
2026-08-01 10:47:48 | INFO | BI | CALL a function to slice sales by region........
2026-08-01 10:47:48 | INFO | BI | OLAP slice: sales for Region = 'East'
2026-08-01 10:47:48 | INFO | BI |   Categories in the slice: 4
2026-08-01 10:47:48 | INFO | BI | CALL a function to plot the slice result........
2026-08-01 10:47:48 | INFO | BI | Creating chart: Sales by Category in East
2026-08-01 10:47:49 | INFO | BI | CALL a function to dice sales by dimensions........
2026-08-01 10:47:49 | INFO | BI | OLAP dice: Regions = ('East', 'West'); Categories = ('Clothing', 'Electronics')
2026-08-01 10:47:49 | INFO | BI |   Region-category combinations: 4
2026-08-01 10:47:49 | INFO | BI | CALL a function to plot the dice result........
2026-08-01 10:47:49 | INFO | BI | Creating chart: Sales for Selected Regions and Categories
2026-08-01 10:47:49 | INFO | BI | CALL a function to roll up sales by time........
2026-08-01 10:47:49 | INFO | BI | OLAP roll-up: Month -> Quarter -> Year -> All Years
2026-08-01 10:47:49 | INFO | BI |   Roll-up rows returned: 20
2026-08-01 10:47:49 | INFO | BI | CALL a function to plot quarterly roll-up results........
2026-08-01 10:47:49 | INFO | BI | Creating chart: Quarterly Sales Roll-Up
2026-08-01 10:47:49 | INFO | BI | CALL a function to select a drill-down year........
2026-08-01 10:47:49 | INFO | BI | Finding the latest sales year for drill-down
2026-08-01 10:47:49 | INFO | BI |   Selected drill-down year: 2025
2026-08-01 10:47:49 | INFO | BI | CALL a function to drill down by time........
2026-08-01 10:47:49 | INFO | BI | OLAP drill-down: Year 2025 -> Quarter -> Month
2026-08-01 10:47:49 | INFO | BI |   Drill-down rows returned: 8
2026-08-01 10:47:49 | INFO | BI | CALL a function to plot monthly drill-down results........
2026-08-01 10:47:49 | INFO | BI | Creating chart: Monthly Sales Drill-Down for 2025
2026-08-01 10:47:49 | INFO | BI | CALL a function to summarize OLAP findings........
2026-08-01 10:47:49 | INFO | BI | ========================
2026-08-01 10:47:49 | INFO | BI | SUMMARY
2026-08-01 10:47:49 | INFO | BI | ========================
2026-08-01 10:47:49 | INFO | BI | Slice: In East, the leading category is Office ($456,342.94)
2026-08-01 10:47:49 | INFO | BI | Dice: The strongest selected combination is East / Electronics ($218,291.81)
2026-08-01 10:47:49 | INFO | BI | Roll-up: Total sales across all years are $3,673,389.85
2026-08-01 10:47:49 | INFO | BI | Drill-down: The strongest month in 2025 is 2025-05 ($369,056.60)
2026-08-01 10:47:49 | INFO | BI | ========================
2026-08-01 10:47:49 | INFO | BI | ANALYST NOTES:
2026-08-01 10:47:49 | INFO | BI | Use slice to focus on one dimension value.
2026-08-01 10:47:49 | INFO | BI | Use dice to investigate a selected multidimensional subset.
2026-08-01 10:47:49 | INFO | BI | Use roll-up to move from detail to broader summaries.
2026-08-01 10:47:49 | INFO | BI | Use drill-down to investigate the detail behind a summary.
2026-08-01 10:47:49 | INFO | BI | ========================
2026-08-01 10:47:49 | INFO | BI | Creating chart: Sales by Store
2026-08-01 10:47:50 | INFO | BI | Creating chart: Monthly Sales Growth
2026-08-01 10:47:50 | INFO | BI | ========================
2026-08-01 10:47:50 | INFO | BI | ADDITIONAL ANALYSIS
2026-08-01 10:47:50 | INFO | BI | ========================
2026-08-01 10:47:50 | INFO | BI | Best Store: 404.0 ($1,039,243.81)
2026-08-01 10:47:50 | INFO | BI | Highest Monthly Growth: 2025-03 (40.01%)
2026-08-01 10:47:50 | INFO | BI | CALL a function to show charts........
2026-08-01 10:47:59 | INFO | BI | Closed DuckDB connection
2026-08-01 10:47:59 | INFO | BI | Workflow complete
2026-08-01 10:47:59 | INFO | BI | CLOSE chart windows to continue.
2026-08-01 10:47:59 | INFO | BI | Terminate this process with CTRL+c as needed.
2026-08-01 10:47:59 | INFO | BI | ========================
2026-08-01 10:47:59 | INFO | BI | Executed successfully!
2026-08-01 10:47:59 | INFO | BI | ========================
2026-08-01 10:50:10 | INFO | BI | === RUN START ===
2026-08-01 10:50:10 | INFO | BI | project=BI
2026-08-01 10:50:10 | INFO | BI | repo_dir=bintel-05-reporting
2026-08-01 10:50:10 | INFO | BI | python=3.14.6
2026-08-01 10:50:10 | INFO | BI | os=Windows 10
2026-08-01 10:50:10 | INFO | BI | shell=powershell
2026-08-01 10:50:10 | INFO | BI | cwd=.
2026-08-01 10:50:10 | INFO | BI | github_actions=False
2026-08-01 10:50:10 | INFO | BI | ========================
2026-08-01 10:50:10 | INFO | BI | START main()
2026-08-01 10:50:10 | INFO | BI | ========================
2026-08-01 10:50:10 | INFO | BI | Data warehouse: = artifacts\smart_sales.duckdb
2026-08-01 10:50:10 | INFO | BI | Reporting data: = data\reporting\sales_reporting_case.csv
2026-08-01 10:50:10 | INFO | BI | Connecting to DuckDB data warehouse........
2026-08-01 10:50:10 | INFO | BI | CALL a function to verify the warehouse........
2026-08-01 10:50:10 | INFO | BI | Verifying required warehouse tables
2026-08-01 10:50:10 | INFO | BI |   PASS: All required warehouse tables are available
2026-08-01 10:50:10 | INFO | BI | CALL a function to create the reporting view........
2026-08-01 10:50:10 | INFO | BI | Creating the sales_reporting view
2026-08-01 10:50:10 | INFO | BI |   sales_reporting view created
2026-08-01 10:50:10 | INFO | BI | CALL a function to export reporting data........
2026-08-01 10:50:10 | INFO | BI | Exporting the reporting-ready dataset
2026-08-01 10:50:10 | INFO | BI |   Exported 2392 reporting rows
2026-08-01 10:50:10 | INFO | BI | Reporting data: = data\reporting\sales_reporting_case.csv
2026-08-01 10:50:10 | INFO | BI | CALL a function to slice sales by region........
2026-08-01 10:50:10 | INFO | BI | OLAP slice: sales for Region = 'East'
2026-08-01 10:50:10 | INFO | BI |   Categories in the slice: 4
2026-08-01 10:50:10 | INFO | BI | CALL a function to plot the slice result........
2026-08-01 10:50:10 | INFO | BI | Creating chart: Sales by Category in East
2026-08-01 10:50:11 | INFO | BI | CALL a function to dice sales by dimensions........
2026-08-01 10:50:11 | INFO | BI | OLAP dice: Regions = ('East', 'West'); Categories = ('Clothing', 'Electronics')
2026-08-01 10:50:11 | INFO | BI |   Region-category combinations: 4
2026-08-01 10:50:11 | INFO | BI | CALL a function to plot the dice result........
2026-08-01 10:50:11 | INFO | BI | Creating chart: Sales for Selected Regions and Categories
2026-08-01 10:50:11 | INFO | BI | CALL a function to roll up sales by time........
2026-08-01 10:50:11 | INFO | BI | OLAP roll-up: Month -> Quarter -> Year -> All Years
2026-08-01 10:50:11 | INFO | BI |   Roll-up rows returned: 20
2026-08-01 10:50:11 | INFO | BI | CALL a function to plot quarterly roll-up results........
2026-08-01 10:50:11 | INFO | BI | Creating chart: Quarterly Sales Roll-Up
2026-08-01 10:50:11 | INFO | BI | CALL a function to select a drill-down year........
2026-08-01 10:50:11 | INFO | BI | Finding the latest sales year for drill-down
2026-08-01 10:50:11 | INFO | BI |   Selected drill-down year: 2025
2026-08-01 10:50:11 | INFO | BI | CALL a function to drill down by time........
2026-08-01 10:50:11 | INFO | BI | OLAP drill-down: Year 2025 -> Quarter -> Month
2026-08-01 10:50:11 | INFO | BI |   Drill-down rows returned: 8
2026-08-01 10:50:11 | INFO | BI | CALL a function to plot monthly drill-down results........
2026-08-01 10:50:11 | INFO | BI | Creating chart: Monthly Sales Drill-Down for 2025
2026-08-01 10:50:11 | INFO | BI | CALL a function to summarize OLAP findings........
2026-08-01 10:50:11 | INFO | BI | ========================
2026-08-01 10:50:11 | INFO | BI | SUMMARY
2026-08-01 10:50:11 | INFO | BI | ========================
2026-08-01 10:50:11 | INFO | BI | Slice: In East, the leading category is Office ($456,342.94)
2026-08-01 10:50:11 | INFO | BI | Dice: The strongest selected combination is East / Electronics ($218,291.81)
2026-08-01 10:50:11 | INFO | BI | Roll-up: Total sales across all years are $3,673,389.85
2026-08-01 10:50:11 | INFO | BI | Drill-down: The strongest month in 2025 is 2025-05 ($369,056.60)
2026-08-01 10:50:11 | INFO | BI | ========================
2026-08-01 10:50:11 | INFO | BI | ANALYST NOTES:
2026-08-01 10:50:11 | INFO | BI | Use slice to focus on one dimension value.
2026-08-01 10:50:11 | INFO | BI | Use dice to investigate a selected multidimensional subset.
2026-08-01 10:50:11 | INFO | BI | Use roll-up to move from detail to broader summaries.
2026-08-01 10:50:11 | INFO | BI | Use drill-down to investigate the detail behind a summary.
2026-08-01 10:50:11 | INFO | BI | ========================
2026-08-01 10:50:11 | INFO | BI | Creating chart: Sales by Store
2026-08-01 10:50:11 | INFO | BI | Creating chart: Monthly Sales Growth
2026-08-01 10:50:12 | INFO | BI | ========================
2026-08-01 10:50:12 | INFO | BI | ADDITIONAL ANALYSIS
2026-08-01 10:50:12 | INFO | BI | ========================
2026-08-01 10:50:12 | INFO | BI | Best Store: 404.0 ($1,039,243.81)
2026-08-01 10:50:12 | INFO | BI | Highest Monthly Growth: 2025-03 (40.01%)
2026-08-01 10:50:12 | INFO | BI | CALL a function to show charts........
2026-08-01 11:05:15 | INFO | BI | Closed DuckDB connection
2026-08-01 11:05:15 | INFO | BI | Workflow complete
2026-08-01 11:05:15 | INFO | BI | CLOSE chart windows to continue.
2026-08-01 11:05:15 | INFO | BI | Terminate this process with CTRL+c as needed.
2026-08-01 11:05:15 | INFO | BI | ========================
2026-08-01 11:05:15 | INFO | BI | Executed successfully!
2026-08-01 11:05:15 | INFO | BI | ========================
